[31m[1mError[22m[39m [31m[1mHH801:[22m[39m Plugin @nomicfoundation/hardhat-toolbox requires the following dependencies to be installed: @nomicfoundation/hardhat-chai-matchers, @nomicfoundation/hardhat-ethers, @nomicfoundation/hardhat-network-helpers, @nomicfoundation/hardhat-verify, @typechain/ethers-v6, @typechain/hardhat, @types/chai, @types/mocha, chai, hardhat-gas-reporter, solidity-coverage, typechain.
Please run: npm install --save-dev "@nomicfoundation/hardhat-chai-matchers@^2.0.0" "@nomicfoundation/hardhat-ethers@^3.0.0" "@nomicfoundation/hardhat-network-helpers@^1.0.0" "@nomicfoundation/hardhat-verify@^2.0.0" "@typechain/ethers-v6@^0.5.0" "@typechain/hardhat@^9.0.0" "@types/chai@^4.2.0" "@types/mocha@>=9.1.0" "chai@^4.2.0" "hardhat-gas-reporter@^1.0.8" "solidity-coverage@^0.8.1" "typechain@^8.3.0"

For more info go to https://hardhat.org/HH801 or run Hardhat with --show-stack-traces
